// Jest Snapshot v1, https://goo.gl/fbAQLP

exports[`should render one expense list item 1`] = `
<div>
  <Link
    replace={false}
    to="/edit/1"
  >
    <h3>
      Gum
    </h3>
  </Link>
  <p>
    $1.95
    -
    Dec 25th, 2017
  </p>
</div>
`;
